python : 
[33mChecking 
connectivity to the 
model hosters, this 
may take a while. To 
bypass this check, 
set `DISABLE_MODEL_SO
URCE_CHECK` to 
`True`.[0m
At line:1 char:1
+ python test_receipt
_debug.py > 
test_output.txt 2>&1
+ ~~~~~~~~~~~~~~~~~~~
~~~~~~~~~~~~~~~~~~~~~
~~~~~~~~~~~
    + CategoryInfo   
           : NotSpe  
  cified: ([33mCh   
 ecking c... to `    
True`.[0m:Strin    
g) [], RemoteExc    
eption
    + FullyQualified 
   ErrorId : Native  
  CommandError
 
INFO: Could not find 
files for the given 
pattern(s).
C:\Users\MSI MODERN 1
4\AppData\Local\Packa
ges\PythonSoftwareFou
ndation.Python.3.12_q
bz5n2kfra8p0\LocalCac
he\local-packages\Pyt
hon312\site-packages\
paddle\utils\cpp_exte
nsion\extension_utils
.py:718: 
UserWarning: No 
ccache found. Please 
be aware that 
recompiling all 
source files may be 
required. You can 
download and install 
ccache from: https://
github.com/ccache/cca
che/blob/master/doc/I
NSTALL.md
  warnings.warn(warni
ng_message)
[32mCreating model: 
('PP-LCNet_x1_0_doc_o
ri', None)[0m
[32mModel files 
already exist. Using 
cached files. To 
redownload, please 
delete the directory 
manually: 
`C:\Users\MSI MODERN 
14\.paddlex\official_
models\PP-LCNet_x1_0_
doc_ori`.[0m
WARNING: Logging 
before 
InitGoogleLogging() 
is written to STDERR
I0114 
20:45:32.767195 
24888 onednn_context.
cc:81] oneDNN v3.6.2
[32mCreating model: 
('UVDoc', None)[0m
[32mModel files 
already exist. Using 
cached files. To 
redownload, please 
delete the directory 
manually: 
`C:\Users\MSI MODERN 
14\.paddlex\official_
models\UVDoc`.[0m
[32mCreating model: 
('PP-LCNet_x1_0_textl
ine_ori', None)[0m
[32mModel files 
already exist. Using 
cached files. To 
redownload, please 
delete the directory 
manually: 
`C:\Users\MSI MODERN 
14\.paddlex\official_
models\PP-LCNet_x1_0_
textline_ori`.[0m
[32mCreating model: 
('PP-OCRv5_server_det
', None)[0m
[32mModel files 
already exist. Using 
cached files. To 
redownload, please 
delete the directory 
manually: 
`C:\Users\MSI MODERN 
14\.paddlex\official_
models\PP-OCRv5_serve
r_det`.[0m
[32mCreating model: 
('en_PP-OCRv5_mobile_
rec', None)[0m
[32mModel files 
already exist. Using 
cached files. To 
redownload, please 
delete the directory 
manually: 
`C:\Users\MSI MODERN 
14\.paddlex\official_
models\en_PP-OCRv5_mo
bile_rec`.[0m
Traceback (most 
recent call last):
  File "C:\reimbursem
ent\test_receipt_debu
g.py", line 36, in 
test_with_image
    ocr_results = ocr
.extract_text(process
ed)
                  ^^^
^^^^^^^^^^^^^^^^^^^^^
^^^
  File "C:\reimbursem
ent\app\ocr\ocr_engin
e.py", line 165, in 
extract_text
    result = 
ocr.ocr(image)
             
^^^^^^^^^^^^^^
  File "C:\Users\MSI 
MODERN 14\AppData\Loc
al\Packages\PythonSof
twareFoundation.Pytho
n.3.12_qbz5n2kfra8p0\
LocalCache\local-pack
ages\Python312\site-p
ackages\typing_extens
ions.py", line 3004, 
in wrapper
    return 
arg(*args, **kwargs)
           
^^^^^^^^^^^^^^^^^^^^
  File "C:\Users\MSI 
MODERN 14\AppData\Loc
al\Packages\PythonSof
twareFoundation.Pytho
n.3.12_qbz5n2kfra8p0\
LocalCache\local-pack
ages\Python312\site-p
ackages\paddleocr\_pi
pelines\ocr.py", 
line 231, in ocr
    return 
self.predict(img, 
**kwargs)
           ^^^^^^^^^^
^^^^^^^^^^^^^^^^^
  File "C:\Users\MSI 
MODERN 14\AppData\Loc
al\Packages\PythonSof
twareFoundation.Pytho
n.3.12_qbz5n2kfra8p0\
LocalCache\local-pack
ages\Python312\site-p
ackages\paddleocr\_pi
pelines\ocr.py", 
line 213, in predict
    return list(
           ^^^^^
  File "C:\Users\MSI 
MODERN 14\AppData\Loc
al\Packages\PythonSof
twareFoundation.Pytho
n.3.12_qbz5n2kfra8p0\
LocalCache\local-pack
ages\Python312\site-p
ackages\paddlex\infer
ence\pipelines\_paral
lel.py", line 129, 
in predict
    yield from self._
pipeline.predict(
  File "C:\Users\MSI 
MODERN 14\AppData\Loc
al\Packages\PythonSof
twareFoundation.Pytho
n.3.12_qbz5n2kfra8p0\
LocalCache\local-pack
ages\Python312\site-p
ackages\paddlex\infer
ence\pipelines\ocr\pi
peline.py", line 
343, in predict
    doc_preprocessor_
results = list(
                     
          ^^^^^
  File "C:\Users\MSI 
MODERN 14\AppData\Loc
al\Packages\PythonSof
twareFoundation.Pytho
n.3.12_qbz5n2kfra8p0\
LocalCache\local-pack
ages\Python312\site-p
ackages\paddlex\infer
ence\pipelines\_paral
lel.py", line 129, 
in predict
    yield from self._
pipeline.predict(
  File "C:\Users\MSI 
MODERN 14\AppData\Loc
al\Packages\PythonSof
twareFoundation.Pytho
n.3.12_qbz5n2kfra8p0\
LocalCache\local-pack
ages\Python312\site-p
ackages\paddlex\infer
ence\pipelines\doc_pr
eprocessor\pipeline.p
y", line 177, in 
predict
    for item in self.
doc_unwarping_model(r
ot_imgs)
                ^^^^^
^^^^^^^^^^^^^^^^^^^^^
^^^^^^^^
  File "C:\Users\MSI 
MODERN 14\AppData\Loc
al\Packages\PythonSof
twareFoundation.Pytho
n.3.12_qbz5n2kfra8p0\
LocalCache\local-pack
ages\Python312\site-p
ackages\paddlex\infer
ence\models\base\pred
ictor\base_predictor.
py", line 272, in 
__call__
    yield from 
self.apply(input, 
**kwargs)
  File "C:\Users\MSI 
MODERN 14\AppData\Loc
al\Packages\PythonSof
twareFoundation.Pytho
n.3.12_qbz5n2kfra8p0\
LocalCache\local-pack
ages\Python312\site-p
ackages\paddlex\infer
ence\models\base\pred
ictor\base_predictor.
py", line 329, in 
apply
    prediction = self
.process(batch_data, 
**kwargs)
                 ^^^^
^^^^^^^^^^^^^^^^^^^^^
^^^^^^^^^
  File "C:\Users\MSI 
MODERN 14\AppData\Loc
al\Packages\PythonSof
twareFoundation.Pytho
n.3.12_qbz5n2kfra8p0\
LocalCache\local-pack
ages\Python312\site-p
ackages\paddlex\infer
ence\models\image_unw
arping\predictor.py",
 line 86, in process
    batch_imgs = self
.preprocessors["Norma
lize"](imgs=batch_raw
_imgs)
                 ^^^^
^^^^^^^^^^^^^^^^^^^^^
^^^^^^^^^^^^^^^^^^^^^
^^^^^^
  File "C:\Users\MSI 
MODERN 14\AppData\Loc
al\Packages\PythonSof
twareFoundation.Pytho
n.3.12_qbz5n2kfra8p0\
LocalCache\local-pack
ages\Python312\site-p
ackages\paddlex\infer
ence\models\common\vi
sion\processors.py", 
line 270, in __call__
    return 
[self.norm(img) for 
img in imgs]
            
^^^^^^^^^^^^^^
  File "C:\Users\MSI 
MODERN 14\AppData\Loc
al\Packages\PythonSof
twareFoundation.Pytho
n.3.12_qbz5n2kfra8p0\
LocalCache\local-pack
ages\Python312\site-p
ackages\paddlex\infer
ence\models\common\vi
sion\processors.py", 
line 260, in norm
    for c in 
range(img.shape[2]):
                   
~~~~~~~~~^^^
IndexError: tuple 
index out of range
Testing with image: C:\Users\MSI MODERN 14\.gemini\antigravity\brain\43e0ddb9-fec7-4a05-a958-73336de759b6\uploaded_image_1768397828756.png
Loading image...
Image shape: (867, 661, 3)
Preprocessing...
Processed shape: (867, 661)
Running OCR...

=== ERROR ===
Error type: IndexError
Error message: tuple index out of range

Full traceback:
